// Jest Snapshot v1, https://goo.gl/fbAQLP

exports[`Test in <AlertDetail /> should display the component correctly 1`] = `
<div
  className="containerCss text-white bg-dark d-flex flex-column align-items-center justify-content-center"
>
  <div>
    <h1>
      Alert detail
    </h1>
    <div>
      <p>
        <b>
          Id:
        </b>
         
        23Gmr3QB4YtWQbLv1inX
      </p>
      <p>
        <b>
          Index:
        </b>
         
        wazuh-alerts-4.x-sample-security
      </p>
      <p>
        <b>
          Type:
        </b>
         
        _doc
      </p>
    </div>
    <h3>
      Alert rule detail
    </h3>
    <div>
      <p>
        <b>
          Id:
        </b>
         
        554
      </p>
      <p>
        <b>
          Description:
        </b>
         
        File added to the system.
      </p>
      <p>
        <b>
          Level:
        </b>
         
        5
      </p>
    </div>
    <h3>
      Alert agents detail
    </h3>
    <div>
      <p>
        <b>
          Id:
        </b>
         
        004
      </p>
      <p>
        <b>
          Name:
        </b>
         
        Ubuntu
      </p>
      <p>
        <b>
          Ip:
        </b>
         
        47.204.15.21
      </p>
    </div>
    <h3>
      Other
    </h3>
    <div>
      <p>
        <b>
          Manager:
        </b>
         
        wazuh-master
      </p>
      <p>
        <b>
          cluster:
        </b>
         
        wazuh
      </p>
      <p>
        <b>
          Event:
        </b>
         
        added
      </p>
    </div>
  </div>
  <div>
    <button
      className="btn btn-outline-light"
      onClick={[Function]}
    >
      Cerrar
    </button>
  </div>
</div>
`;
