// Jest Snapshot v1, https://goo.gl/fbAQLP

exports[`Test in <Alerts /> should display the component correctly 1`] = `
<Fragment>
  <div
    className="p-5"
  >
    <div
      className="d-flex justify-content-between"
    >
      <h1
        className="text-white"
      >
        Alerts
      </h1>
      <div
        className="d-flex"
      >
        <p
          className="text-white"
        >
          Filter by agent:
        </p>
        <select
          aria-label="Default select example"
          className="form-select h-75 w-50 me-3"
          onChange={[Function]}
        >
          <option
            value="withoutFilter"
          >
            All
          </option>
          <option
            value="Ubuntu"
          >
            Ubuntu
          </option>
          <option
            value="Debian"
          >
            Debian
          </option>
          <option
            value="ip-10-0-0-180.us-west-1.compute.internal"
          >
            ip-10-0-0-180.us-west-1.compute.internal
          </option>
          <option
            value="Amazon"
          >
            Amazon
          </option>
          <option
            value="RHEL7"
          >
            RHEL7
          </option>
          <option
            value="Centos"
          >
            Centos
          </option>
          <option
            value="Windows"
          >
            Windows
          </option>
        </select>
        <form
          className="input-group mb-3 w-50"
        >
          <input
            aria-describedby="button-addon2"
            className="form-control"
            onChange={[Function]}
            placeholder="Search"
            type="text"
            value=""
          />
          <button
            className="btn btn-primary-page"
            id="button-addon2"
            onClick={[Function]}
            onSubmit={[Function]}
            type="submit"
          >
            Search
          </button>
        </form>
      </div>
    </div>
    <table
      className="table table-light table-striped table-hover"
    >
      <thead>
        <tr>
          <th
            scope="col"
          >
            Id
          </th>
          <th
            scope="col"
          >
            Agent
          </th>
          <th
            scope="col"
          >
            Rule
          </th>
          <th
            scope="col"
          >
            Event
          </th>
        </tr>
      </thead>
      <tbody />
    </table>
    <div
      className="w-100 d-flex justify-content-between"
    >
      <div
        className="d-flex justify-content-start"
      />
      <div
        className="d-flex justify-content-end"
      >
        <button
          className="btn btn-primary-page"
          onClick={[Function]}
        >
          Next
        </button>
      </div>
    </div>
  </div>
</Fragment>
`;
