// Jest Snapshot v1, https://goo.gl/fbAQLP

exports[`Test in <Home /> should display the component correctly 1`] = `
<div
  className="d-flex justify-content-center align-items-center container-home animate__animated animate__fadeInDownBig"
>
  <h1
    className="text-white"
  >
    Welcome Wazuh Client
  </h1>
</div>
`;
